+ wmake libso plic
'/home/r_ashwin/OpenFOAM/OpenFOAM-2.3.0/platforms/linux64GccDPOpt/lib/libplic.so' is up to date.
+ wmake
make: `/home/r_ashwin/OpenFOAM/OpenFOAM-2.3.0/platforms/linux64GccDPOpt/bin/plicFoam' is up to date.
+ wmake plicTFoam
options:4:30: warning: backslash and newline separated by space [enabled by default]
SOURCE=plicTFoam.C ;  g++-4.7 -m64 -Dlinux64 -DWM_DP -Wall -Wextra -Wno-unused-parameter -Wold-style-cast -Wnon-virtual-dtor -O3  -DNoRepository -ftemplate-depth-100 -I.. 	-I../plic/lnInclude 	-I../plicStencils/lnInclude 	-I/home/r_ashwin/OpenFOAM/OpenFOAM-2.3.0/src/finiteVolume/lnInclude -IlnInclude -I. -I/home/r_ashwin/OpenFOAM/OpenFOAM-2.3.0/src/OpenFOAM/lnInclude -I/home/r_ashwin/OpenFOAM/OpenFOAM-2.3.0/src/OSspecific/POSIX/lnInclude   -fPIC -c $SOURCE -o Make/linux64GccDPOpt/plicTFoam.o
In file included from plicTFoam.C:49:0:
/home/r_ashwin/OpenFOAM/OpenFOAM-2.3.0/src/finiteVolume/lnInclude/readTimeControls.H: In function ‘int main(int, char**)’:
/home/r_ashwin/OpenFOAM/OpenFOAM-2.3.0/src/finiteVolume/lnInclude/readTimeControls.H:38:8: warning: unused variable ‘maxDeltaT’ [-Wunused-variable]
g++-4.7 -m64 -Dlinux64 -DWM_DP -Wall -Wextra -Wno-unused-parameter -Wold-style-cast -Wnon-virtual-dtor -O3  -DNoRepository -ftemplate-depth-100 -I.. 	-I../plic/lnInclude 	-I../plicStencils/lnInclude 	-I/home/r_ashwin/OpenFOAM/OpenFOAM-2.3.0/src/finiteVolume/lnInclude -IlnInclude -I. -I/home/r_ashwin/OpenFOAM/OpenFOAM-2.3.0/src/OpenFOAM/lnInclude -I/home/r_ashwin/OpenFOAM/OpenFOAM-2.3.0/src/OSspecific/POSIX/lnInclude   -fPIC -Xlinker --add-needed -Xlinker --no-as-needed Make/linux64GccDPOpt/plicTFoam.o -L/home/r_ashwin/OpenFOAM/OpenFOAM-2.3.0/platforms/linux64GccDPOpt/lib \
	     -lplic 	-lplicStencils 	-lcellInfo 	-lPlane 	-lplicLeastSquares 	-lfiniteVolume  -lOpenFOAM -ldl   -lm -o /home/r_ashwin/OpenFOAM/OpenFOAM-2.3.0/platforms/linux64GccDPOpt/bin/plicTFoam
